../Core/Src/main.c:93:5:main	8	static
../Core/Src/main.c:164:6:SystemClock_Config	88	static
../Core/Src/main.c:211:13:MX_TIM1_Init	96	static
../Core/Src/main.c:286:13:MX_TIM2_Init	48	static
../Core/Src/main.c:344:13:MX_USART2_UART_Init	8	static
../Core/Src/main.c:375:13:MX_DMA_Init	16	static
../Core/Src/main.c:393:13:MX_GPIO_Init	48	static
../Core/Src/main.c:423:7:IC_Calc_Period	32	static
../Core/Src/main.c:444:6:MotorRPM	4	static
../Core/Src/main.c:450:6:MotorSET	16	static
../Core/Src/main.c:463:6:Error_Handler	4	static,ignoring_inline_asm
